// Jest Snapshot v1, https://goo.gl/fbAQLP

exports[`<MovieList/> should be rendered correctly 1`] = `
<div>
  <div
    className="resultsMovie"
  >
    <div
      className="\${styles.previewContainer} movieList"
    >
      <img
        alt="Movie"
        className="movie"
        src={undefined}
        title={undefined}
      />
      <div
        className="preview"
      >
        <span>
          CANOPOLY
        </span>
        <button>
          Order
        </button>
      </div>
    </div>
  </div>
</div>
`;
