// Jest Snapshot v1, https://goo.gl/fbAQLP

exports[`<StatusBar/> should be rendered correctly 1`] = `
<div
  className="resultStats"
>
  <span>
     Movies found
  </span>
  <span
    className="sortOption"
  >
     Sort by
    <button
      onClick={[Function]}
    >
      <span
        className="buttonLabel"
      >
         
        Release date
      </span>
    </button>
  </span>
</div>
`;
